Using the latest cached version of the dataset since autogluon/chronos_datasets couldn't be found on the Hugging Face Hub (offline mode is enabled).
Found the latest cached dataset configuration 'monash_electricity_hourly' at /scratch/eserebri/chronos2/hf_cache/datasets/autogluon___chronos_datasets/monash_electricity_hourly/0.0.0/eeecad0b82a8c237e212ce6f8d1abecb513e2cec (last modified on Thu Jul  9 16:31:28 2026).
Using the latest cached version of the dataset since autogluon/chronos_datasets couldn't be found on the Hugging Face Hub (offline mode is enabled).
Found the latest cached dataset configuration 'monash_kdd_cup_2018' at /scratch/eserebri/chronos2/hf_cache/datasets/autogluon___chronos_datasets/monash_kdd_cup_2018/0.0.0/eeecad0b82a8c237e212ce6f8d1abecb513e2cec (last modified on Mon Jul 13 16:26:12 2026).
Using the latest cached version of the dataset since autogluon/chronos_datasets couldn't be found on the Hugging Face Hub (offline mode is enabled).
Found the latest cached dataset configuration 'monash_pedestrian_counts' at /scratch/eserebri/chronos2/hf_cache/datasets/autogluon___chronos_datasets/monash_pedestrian_counts/0.0.0/eeecad0b82a8c237e212ce6f8d1abecb513e2cec (last modified on Mon Jul 13 16:26:15 2026).
Using the latest cached version of the dataset since autogluon/chronos_datasets couldn't be found on the Hugging Face Hub (offline mode is enabled).
Found the latest cached dataset configuration 'uber_tlc_hourly' at /scratch/eserebri/chronos2/hf_cache/datasets/autogluon___chronos_datasets/uber_tlc_hourly/0.0.0/eeecad0b82a8c237e212ce6f8d1abecb513e2cec (last modified on Mon Jul 13 16:26:16 2026).
[config] quantile_set=q1  Q=1  quantiles=[0.5]
[config] pooled probe head Linear(768, Q*H): at H=64 -> output_dim=64, params=49,216
[config] outputs -> /home/eserebri/repos/chronos2-layerwise-probing/results/quantile_loss_q1  |  summary -> /home/eserebri/repos/chronos2-layerwise-probing/results/id_probing_summary_q1.json

======================================================================
[monash_electricity_hourly] building windows
======================================================================
  split_mode=within_series  n_series=321 (support within=321)
  windows: train=3000 (of 95894), test=1500 (of 30066), skipped=514
  label y range: train[-2.075,+6.556] test[-2.300,+3.687]
  [cache HIT]  IDF_monash_electricity_hourly__train__clean__content.npz
  [cache HIT]  IDF_monash_electricity_hourly__test__clean__content.npz
    [quantile] L 0  wd=0.001  train=0.294  test=0.354
    [quantile] L 1  wd=1e-05  train=0.265  test=0.339
    [quantile] L 2  wd=0.01  train=0.244  test=0.325
    [quantile] L 3  wd=0.1  train=0.245  test=0.327
    [quantile] L 4  wd=0.1  train=0.241  test=0.332
    [quantile] L 5  wd=0.1  train=0.243  test=0.338
    [quantile] L 6  wd=0.001  train=0.241  test=0.345
    [quantile] L 7  wd=0.1  train=0.246  test=0.352
    [quantile] L 8  wd=0.1  train=0.249  test=0.357
    [quantile] L 9  wd=0.1  train=0.244  test=0.347
    [quantile] L10  wd=0.1  train=0.240  test=0.341
    [quantile] L11  wd=0.001  train=0.260  test=0.343
  [content] binned acc: argmax L6=0.414 (chance=0.20) | ridge R^2 range [+0.239,+0.411] | qloss: argmin L2=0.325
  [cache HIT]  IDF_monash_electricity_hourly__train__clean__reg.npz
  [cache HIT]  IDF_monash_electricity_hourly__test__clean__reg.npz
    [quantile] L 0  wd=1e-05  train=0.293  test=0.338
    [quantile] L 1  wd=1e-05  train=0.274  test=0.321
    [quantile] L 2  wd=0.001  train=0.253  test=0.304
    [quantile] L 3  wd=0.1  train=0.240  test=0.295
    [quantile] L 4  wd=0.1  train=0.234  test=0.294
    [quantile] L 5  wd=0.1  train=0.232  test=0.297
    [quantile] L 6  wd=0.1  train=0.233  test=0.301
    [quantile] L 7  wd=0.1  train=0.232  test=0.308
    [quantile] L 8  wd=0.1  train=0.233  test=0.312
    [quantile] L 9  wd=0.1  train=0.235  test=0.319
    [quantile] L10  wd=0.1  train=0.238  test=0.320
    [quantile] L11  wd=0.001  train=0.253  test=0.323
  [    reg] binned acc: argmax L6=0.428 (chance=0.20) | ridge R^2 range [+0.331,+0.462] | qloss: argmin L4=0.294
  [cache HIT]  IDF_monash_electricity_hourly__train__clean__K4_H64.npz
  [cache HIT]  IDF_monash_electricity_hourly__test__clean__K4_H64.npz
    [quantile] L 0  wd=0.0001  train=0.296  test=0.357
    [quantile] L 1  wd=0.01  train=0.267  test=0.340
    [quantile] L 2  wd=1e-05  train=0.249  test=0.331
    [quantile] L 3  wd=0.1  train=0.248  test=0.332
    [quantile] L 4  wd=0.1  train=0.248  test=0.341
    [quantile] L 5  wd=0.1  train=0.248  test=0.346
    [quantile] L 6  wd=0.1  train=0.250  test=0.355
    [quantile] L 7  wd=0.1  train=0.255  test=0.365
    [quantile] L 8  wd=0.1  train=0.259  test=0.369
    [quantile] L 9  wd=0.1  train=0.257  test=0.367
    [quantile] L10  wd=0.1  train=0.255  test=0.367
    [quantile] L11  wd=0.1  train=0.275  test=0.362
  [ content_K] K=4 qloss: argmin L2=0.331
    [quantile] L 0  wd=0.1  train=0.293  test=0.338
    [quantile] L 1  wd=0.001  train=0.273  test=0.321
    [quantile] L 2  wd=0.01  train=0.253  test=0.305
    [quantile] L 3  wd=0.1  train=0.240  test=0.295
    [quantile] L 4  wd=0.0001  train=0.233  test=0.296
    [quantile] L 5  wd=0.01  train=0.230  test=0.297
    [quantile] L 6  wd=0.1  train=0.230  test=0.300
    [quantile] L 7  wd=0.001  train=0.229  test=0.308
    [quantile] L 8  wd=0.1  train=0.231  test=0.311
    [quantile] L 9  wd=0.1  train=0.234  test=0.319
    [quantile] L10  wd=0.1  train=0.238  test=0.323
    [quantile] L11  wd=0.0001  train=0.257  test=0.329
  [     reg_K] K=4 qloss: argmin L3=0.295
    [fslot] L 0  wd=0.01  train=0.501  test=0.517
    [fslot] L 1  wd=0.001  train=0.275  test=0.303
    [fslot] L 2  wd=0.1  train=0.232  test=0.258
    [fslot] L 3  wd=0.0001  train=0.222  test=0.249
    [fslot] L 4  wd=0.01  train=0.216  test=0.241
    [fslot] L 5  wd=0.1  train=0.211  test=0.238
    [fslot] L 6  wd=0.1  train=0.212  test=0.237
    [fslot] L 7  wd=1e-05  train=0.211  test=0.238
    [fslot] L 8  wd=0.001  train=0.209  test=0.233
    [fslot] L 9  wd=0.1  train=0.207  test=0.230
    [fslot] L10  wd=0.01  train=0.214  test=0.233
    [fslot] L11  wd=0.01  train=0.225  test=0.239
  [   fslot_K] K=4 qloss: argmin L9=0.230
  [cache HIT]  IDF_monash_electricity_hourly__test__native_median_H64.npz
  [content] MASE: probe best L2=1.433 | native Chronos-2 = 0.851
  [    reg] MASE: probe best L3=1.298 | native Chronos-2 = 0.851
  [saved]      /home/eserebri/repos/chronos2-layerwise-probing/results/bootstrap/inputs/monash_electricity_hourly__H64_K4__q1.npz  (1500 windows, 318 series)

======================================================================
[monash_kdd_cup_2018] building windows
======================================================================
  split_mode=within_series  n_series=270 (support within=270)
  windows: train=1432 (of 1432), test=506 (of 506), skipped=39351
  label y range: train[-1.717,+7.445] test[-1.238,+3.773]
  [cache HIT]  IDF_monash_kdd_cup_2018__train__clean__content.npz
  [cache HIT]  IDF_monash_kdd_cup_2018__test__clean__content.npz
    [quantile] L 0  wd=0.1  train=0.446  test=0.707
    [quantile] L 1  wd=0.1  train=0.397  test=0.744
    [quantile] L 2  wd=0.1  train=0.350  test=0.763
    [quantile] L 3  wd=0.1  train=0.340  test=0.767
    [quantile] L 4  wd=0.1  train=0.322  test=0.812
    [quantile] L 5  wd=0.1  train=0.306  test=0.831
    [quantile] L 6  wd=0.1  train=0.301  test=0.831
    [quantile] L 7  wd=0.1  train=0.309  test=0.791
    [quantile] L 8  wd=0.1  train=0.301  test=0.798
    [quantile] L 9  wd=0.1  train=0.286  test=0.830
    [quantile] L10  wd=0.1  train=0.278  test=0.830
    [quantile] L11  wd=0.1  train=0.314  test=0.767
  [content] binned acc: argmax L11=0.308 (chance=0.20) | ridge R^2 range [-0.624,+0.050] | qloss: argmin L0=0.707
  [cache HIT]  IDF_monash_kdd_cup_2018__train__clean__reg.npz
  [cache HIT]  IDF_monash_kdd_cup_2018__test__clean__reg.npz
    [quantile] L 0  wd=0.1  train=0.505  test=0.666
    [quantile] L 1  wd=0.01  train=0.476  test=0.676
    [quantile] L 2  wd=0.001  train=0.444  test=0.686
    [quantile] L 3  wd=0.1  train=0.422  test=0.694
    [quantile] L 4  wd=0.1  train=0.398  test=0.706
    [quantile] L 5  wd=0.1  train=0.377  test=0.722
    [quantile] L 6  wd=0.1  train=0.360  test=0.728
    [quantile] L 7  wd=0.1  train=0.348  test=0.740
    [quantile] L 8  wd=0.1  train=0.331  test=0.754
    [quantile] L 9  wd=0.1  train=0.315  test=0.738
    [quantile] L10  wd=0.1  train=0.296  test=0.735
    [quantile] L11  wd=0.1  train=0.314  test=0.765
  [    reg] binned acc: argmax L9=0.304 (chance=0.20) | ridge R^2 range [-0.148,+0.126] | qloss: argmin L0=0.666
  [cache HIT]  IDF_monash_kdd_cup_2018__train__clean__K4_H64.npz
  [cache HIT]  IDF_monash_kdd_cup_2018__test__clean__K4_H64.npz
    [quantile] L 0  wd=0.1  train=0.445  test=0.707
    [quantile] L 1  wd=0.1  train=0.398  test=0.747
    [quantile] L 2  wd=0.1  train=0.353  test=0.772
    [quantile] L 3  wd=0.1  train=0.344  test=0.777
    [quantile] L 4  wd=0.1  train=0.324  test=0.818
    [quantile] L 5  wd=0.1  train=0.311  test=0.844
    [quantile] L 6  wd=0.1  train=0.302  test=0.838
    [quantile] L 7  wd=0.1  train=0.306  test=0.779
    [quantile] L 8  wd=0.1  train=0.297  test=0.793
    [quantile] L 9  wd=0.1  train=0.271  test=0.776
    [quantile] L10  wd=0.1  train=0.258  test=0.770
    [quantile] L11  wd=0.1  train=0.292  test=0.752
  [ content_K] K=4 qloss: argmin L0=0.707
    [quantile] L 0  wd=0.001  train=0.507  test=0.669
    [quantile] L 1  wd=0.001  train=0.478  test=0.682
    [quantile] L 2  wd=0.1  train=0.454  test=0.685
    [quantile] L 3  wd=0.001  train=0.417  test=0.701
    [quantile] L 4  wd=0.0001  train=0.393  test=0.710
    [quantile] L 5  wd=0.1  train=0.374  test=0.722
    [quantile] L 6  wd=0.1  train=0.357  test=0.728
    [quantile] L 7  wd=0.1  train=0.342  test=0.727
    [quantile] L 8  wd=0.1  train=0.323  test=0.761
    [quantile] L 9  wd=0.1  train=0.293  test=0.716
    [quantile] L10  wd=0.1  train=0.268  test=0.711
    [quantile] L11  wd=0.1  train=0.289  test=0.708
  [     reg_K] K=4 qloss: argmin L0=0.669
    [fslot] L 0  wd=0.0001  train=0.527  test=0.647
    [fslot] L 1  wd=0.0001  train=0.500  test=0.634
    [fslot] L 2  wd=0.1  train=0.472  test=0.650
    [fslot] L 3  wd=0.1  train=0.450  test=0.669
    [fslot] L 4  wd=0.1  train=0.437  test=0.677
    [fslot] L 5  wd=0.1  train=0.410  test=0.693
    [fslot] L 6  wd=0.1  train=0.391  test=0.657
    [fslot] L 7  wd=0.1  train=0.375  test=0.662
    [fslot] L 8  wd=0.1  train=0.341  test=0.619
    [fslot] L 9  wd=0.01  train=0.307  test=0.602
    [fslot] L10  wd=0.0001  train=0.290  test=0.591
    [fslot] L11  wd=0.1  train=0.295  test=0.587
  [   fslot_K] K=4 qloss: argmin L11=0.587
  [cache HIT]  IDF_monash_kdd_cup_2018__test__native_median_H64.npz
  [content] MASE: probe best L0=1.025 | native Chronos-2 = 0.828
  [    reg] MASE: probe best L0=0.957 | native Chronos-2 = 0.828
  [saved]      /home/eserebri/repos/chronos2-layerwise-probing/results/bootstrap/inputs/monash_kdd_cup_2018__H64_K4__q1.npz  (506 windows, 75 series)

======================================================================
[monash_pedestrian_counts] building windows
======================================================================
  split_mode=within_series  n_series=66 (support within=65)
  windows: train=3000 (of 36144), test=1500 (of 11683), skipped=0
  label y range: train[-0.797,+6.939] test[-1.180,+2.421]
  [cache HIT]  IDF_monash_pedestrian_counts__train__clean__content.npz
  [cache HIT]  IDF_monash_pedestrian_counts__test__clean__content.npz
    [quantile] L 0  wd=1e-05  train=0.307  test=0.355
    [quantile] L 1  wd=0.0001  train=0.275  test=0.332
    [quantile] L 2  wd=0.1  train=0.254  test=0.315
    [quantile] L 3  wd=0.1  train=0.246  test=0.317
    [quantile] L 4  wd=0.001  train=0.239  test=0.318
    [quantile] L 5  wd=0.1  train=0.241  test=0.319
    [quantile] L 6  wd=0.1  train=0.240  test=0.324
    [quantile] L 7  wd=0.1  train=0.240  test=0.333
    [quantile] L 8  wd=0.1  train=0.244  test=0.337
    [quantile] L 9  wd=0.1  train=0.236  test=0.331
    [quantile] L10  wd=0.1  train=0.234  test=0.325
    [quantile] L11  wd=0.1  train=0.266  test=0.328
  [content] binned acc: argmax L11=0.461 (chance=0.20) | ridge R^2 range [+0.260,+0.527] | qloss: argmin L2=0.315
  [cache HIT]  IDF_monash_pedestrian_counts__train__clean__reg.npz
  [cache HIT]  IDF_monash_pedestrian_counts__test__clean__reg.npz
    [quantile] L 0  wd=0.01  train=0.302  test=0.340
    [quantile] L 1  wd=0.01  train=0.283  test=0.327
    [quantile] L 2  wd=1e-05  train=0.257  test=0.303
    [quantile] L 3  wd=0.0001  train=0.238  test=0.290
    [quantile] L 4  wd=1e-05  train=0.226  test=0.282
    [quantile] L 5  wd=0.1  train=0.226  test=0.284
    [quantile] L 6  wd=0.01  train=0.223  test=0.288
    [quantile] L 7  wd=0.1  train=0.224  test=0.291
    [quantile] L 8  wd=0.0001  train=0.222  test=0.295
    [quantile] L 9  wd=0.1  train=0.224  test=0.296
    [quantile] L10  wd=0.1  train=0.228  test=0.302
    [quantile] L11  wd=0.001  train=0.250  test=0.308
  [    reg] binned acc: argmax L11=0.485 (chance=0.20) | ridge R^2 range [+0.247,+0.560] | qloss: argmin L4=0.282
  [cache HIT]  IDF_monash_pedestrian_counts__train__clean__K4_H64.npz
  [cache HIT]  IDF_monash_pedestrian_counts__test__clean__K4_H64.npz
    [quantile] L 0  wd=0.001  train=0.305  test=0.354
    [quantile] L 1  wd=0.01  train=0.277  test=0.333
    [quantile] L 2  wd=0.0001  train=0.256  test=0.322
    [quantile] L 3  wd=1e-05  train=0.247  test=0.322
    [quantile] L 4  wd=0.01  train=0.246  test=0.326
    [quantile] L 5  wd=0.1  train=0.249  test=0.326
    [quantile] L 6  wd=0.1  train=0.249  test=0.334
    [quantile] L 7  wd=0.1  train=0.248  test=0.342
    [quantile] L 8  wd=0.1  train=0.250  test=0.349
    [quantile] L 9  wd=0.1  train=0.247  test=0.345
    [quantile] L10  wd=0.1  train=0.247  test=0.349
    [quantile] L11  wd=0.001  train=0.277  test=0.350
  [ content_K] K=4 qloss: argmin L2=0.322
    [quantile] L 0  wd=0.0001  train=0.303  test=0.341
    [quantile] L 1  wd=0.001  train=0.281  test=0.325
    [quantile] L 2  wd=0.01  train=0.258  test=0.302
    [quantile] L 3  wd=1e-05  train=0.243  test=0.294
    [quantile] L 4  wd=1e-05  train=0.232  test=0.289
    [quantile] L 5  wd=0.01  train=0.225  test=0.286
    [quantile] L 6  wd=0.1  train=0.224  test=0.287
    [quantile] L 7  wd=0.1  train=0.221  test=0.288
    [quantile] L 8  wd=0.1  train=0.220  test=0.293
    [quantile] L 9  wd=0.1  train=0.224  test=0.299
    [quantile] L10  wd=0.1  train=0.226  test=0.302
    [quantile] L11  wd=0.0001  train=0.253  test=0.313
  [     reg_K] K=4 qloss: argmin L5=0.286
    [fslot] L 0  wd=0.001  train=0.473  test=0.493
    [fslot] L 1  wd=0.001  train=0.301  test=0.321
    [fslot] L 2  wd=0.0001  train=0.200  test=0.229
    [fslot] L 3  wd=0.001  train=0.192  test=0.221
    [fslot] L 4  wd=1e-05  train=0.181  test=0.206
    [fslot] L 5  wd=0.0001  train=0.183  test=0.210
    [fslot] L 6  wd=0.1  train=0.175  test=0.197
    [fslot] L 7  wd=1e-05  train=0.171  test=0.195
    [fslot] L 8  wd=0.1  train=0.166  test=0.187
    [fslot] L 9  wd=0.001  train=0.169  test=0.189
    [fslot] L10  wd=0.01  train=0.178  test=0.193
    [fslot] L11  wd=0.0001  train=0.183  test=0.197
  [   fslot_K] K=4 qloss: argmin L8=0.187
  [cache HIT]  IDF_monash_pedestrian_counts__test__native_median_H64.npz
  [content] MASE: probe best L2=1.329 | native Chronos-2 = 0.570
  [    reg] MASE: probe best L4=1.196 | native Chronos-2 = 0.570
  [saved]      /home/eserebri/repos/chronos2-layerwise-probing/results/bootstrap/inputs/monash_pedestrian_counts__H64_K4__q1.npz  (1500 windows, 59 series)

======================================================================
[uber_tlc_hourly] building windows
======================================================================
  split_mode=within_series  n_series=262 (support within=262)
  windows: train=3000 (of 10900), test=1500 (of 2075), skipped=125
  label y range: train[-0.578,+5.444] test[-0.551,+1.143]
  [cache HIT]  IDF_uber_tlc_hourly__train__clean__content.npz
  [cache HIT]  IDF_uber_tlc_hourly__test__clean__content.npz
    [quantile] L 0  wd=1e-05  train=0.519  test=0.602
    [quantile] L 1  wd=1e-05  train=0.497  test=0.594
    [quantile] L 2  wd=1e-05  train=0.460  test=0.571
    [quantile] L 3  wd=0.0001  train=0.448  test=0.568
    [quantile] L 4  wd=0.1  train=0.439  test=0.559
    [quantile] L 5  wd=1e-05  train=0.431  test=0.561
    [quantile] L 6  wd=0.1  train=0.430  test=0.567
    [quantile] L 7  wd=0.1  train=0.436  test=0.573
    [quantile] L 8  wd=1e-05  train=0.434  test=0.573
    [quantile] L 9  wd=0.001  train=0.437  test=0.574
    [quantile] L10  wd=0.001  train=0.438  test=0.589
    [quantile] L11  wd=0.1  train=0.492  test=0.612
  [content] binned acc: argmax L11=0.395 (chance=0.20) | ridge R^2 range [+0.123,+0.492] | qloss: argmin L4=0.559
  [cache HIT]  IDF_uber_tlc_hourly__train__clean__reg.npz
  [cache HIT]  IDF_uber_tlc_hourly__test__clean__reg.npz
    [quantile] L 0  wd=0.01  train=0.561  test=0.610
    [quantile] L 1  wd=0.0001  train=0.545  test=0.599
    [quantile] L 2  wd=0.0001  train=0.510  test=0.570
    [quantile] L 3  wd=0.1  train=0.491  test=0.559
    [quantile] L 4  wd=0.1  train=0.473  test=0.546
    [quantile] L 5  wd=0.0001  train=0.460  test=0.551
    [quantile] L 6  wd=0.0001  train=0.454  test=0.552
    [quantile] L 7  wd=0.01  train=0.452  test=0.556
    [quantile] L 8  wd=1e-05  train=0.445  test=0.558
    [quantile] L 9  wd=0.0001  train=0.435  test=0.548
    [quantile] L10  wd=0.01  train=0.458  test=0.566
    [quantile] L11  wd=0.0001  train=0.493  test=0.588
  [    reg] binned acc: argmax L11=0.440 (chance=0.20) | ridge R^2 range [+0.045,+0.563] | qloss: argmin L4=0.546
  [cache HIT]  IDF_uber_tlc_hourly__train__clean__K4_H64.npz
  [cache HIT]  IDF_uber_tlc_hourly__test__clean__K4_H64.npz
    [quantile] L 0  wd=0.1  train=0.528  test=0.605
    [quantile] L 1  wd=0.0001  train=0.494  test=0.589
    [quantile] L 2  wd=0.01  train=0.460  test=0.569
    [quantile] L 3  wd=0.1  train=0.449  test=0.560
    [quantile] L 4  wd=0.0001  train=0.439  test=0.562
    [quantile] L 5  wd=0.001  train=0.431  test=0.559
    [quantile] L 6  wd=0.1  train=0.435  test=0.573
    [quantile] L 7  wd=1e-05  train=0.435  test=0.578
    [quantile] L 8  wd=1e-05  train=0.440  test=0.582
    [quantile] L 9  wd=0.001  train=0.439  test=0.582
    [quantile] L10  wd=0.001  train=0.442  test=0.604
    [quantile] L11  wd=0.0001  train=0.488  test=0.629
  [ content_K] K=4 qloss: argmin L5=0.559
    [quantile] L 0  wd=1e-05  train=0.561  test=0.609
    [quantile] L 1  wd=0.1  train=0.547  test=0.589
    [quantile] L 2  wd=0.0001  train=0.509  test=0.567
    [quantile] L 3  wd=0.0001  train=0.486  test=0.556
    [quantile] L 4  wd=0.0001  train=0.472  test=0.549
    [quantile] L 5  wd=0.01  train=0.462  test=0.549
    [quantile] L 6  wd=0.001  train=0.456  test=0.551
    [quantile] L 7  wd=0.0001  train=0.446  test=0.552
    [quantile] L 8  wd=0.001  train=0.450  test=0.567
    [quantile] L 9  wd=1e-05  train=0.441  test=0.554
    [quantile] L10  wd=0.01  train=0.448  test=0.557
    [quantile] L11  wd=0.1  train=0.494  test=0.588
  [     reg_K] K=4 qloss: argmin L4=0.549
    [fslot] L 0  wd=0.001  train=0.568  test=0.593
    [fslot] L 1  wd=0.001  train=0.492  test=0.539
    [fslot] L 2  wd=0.0001  train=0.438  test=0.473
    [fslot] L 3  wd=0.0001  train=0.417  test=0.460
    [fslot] L 4  wd=0.1  train=0.408  test=0.445
    [fslot] L 5  wd=0.1  train=0.402  test=0.444
    [fslot] L 6  wd=1e-05  train=0.398  test=0.439
    [fslot] L 7  wd=0.01  train=0.395  test=0.437
    [fslot] L 8  wd=0.1  train=0.396  test=0.433
    [fslot] L 9  wd=0.1  train=0.410  test=0.440
    [fslot] L10  wd=0.001  train=0.414  test=0.440
    [fslot] L11  wd=0.001  train=0.425  test=0.441
  [   fslot_K] K=4 qloss: argmin L8=0.433
  [cache HIT]  IDF_uber_tlc_hourly__test__native_median_H64.npz
  [content] MASE: probe best L4=1.030 | native Chronos-2 = 0.658
  [    reg] MASE: probe best L9=1.035 | native Chronos-2 = 0.658
  [saved]      /home/eserebri/repos/chronos2-layerwise-probing/results/bootstrap/inputs/uber_tlc_hourly__H64_K4__q1.npz  (1500 windows, 260 series)

  est. new IDF_ cache footprint: ~1.71 GB (3 poolings x 12 layers x n_windows x 768 x 4B)
  [saved] /home/eserebri/repos/chronos2-layerwise-probing/results/id_probing_summary_q1.json
  [skip] classification-overlay figures (quantile-independent; owned by the q21 run)
  [saved] /home/eserebri/repos/chronos2-layerwise-probing/results/quantile_loss_q1/content/quantile_loss_by_layer.png
  [saved] /home/eserebri/repos/chronos2-layerwise-probing/results/quantile_loss_q1/reg/quantile_loss_by_layer_reg.png
  [saved] /home/eserebri/repos/chronos2-layerwise-probing/results/quantile_loss_q1/pooling_comparison/content_vs_reg.png
  [saved] /home/eserebri/repos/chronos2-layerwise-probing/results/quantile_loss_q1/shared_forecast_vs_pooled.png
  [saved] /home/eserebri/repos/chronos2-layerwise-probing/results/quantile_loss_q1/training_curves/monash_electricity_hourly_content.png
  [saved] /home/eserebri/repos/chronos2-layerwise-probing/results/quantile_loss_q1/training_curves/monash_electricity_hourly_reg.png
  [saved] /home/eserebri/repos/chronos2-layerwise-probing/results/quantile_loss_q1/training_curves/monash_electricity_hourly_fslot_K.png
  [saved] /home/eserebri/repos/chronos2-layerwise-probing/results/quantile_loss_q1/training_curves/monash_kdd_cup_2018_content.png
  [saved] /home/eserebri/repos/chronos2-layerwise-probing/results/quantile_loss_q1/training_curves/monash_kdd_cup_2018_reg.png
  [saved] /home/eserebri/repos/chronos2-layerwise-probing/results/quantile_loss_q1/training_curves/monash_kdd_cup_2018_fslot_K.png
  [saved] /home/eserebri/repos/chronos2-layerwise-probing/results/quantile_loss_q1/training_curves/monash_pedestrian_counts_content.png
  [saved] /home/eserebri/repos/chronos2-layerwise-probing/results/quantile_loss_q1/training_curves/monash_pedestrian_counts_reg.png
  [saved] /home/eserebri/repos/chronos2-layerwise-probing/results/quantile_loss_q1/training_curves/monash_pedestrian_counts_fslot_K.png
  [saved] /home/eserebri/repos/chronos2-layerwise-probing/results/quantile_loss_q1/training_curves/uber_tlc_hourly_content.png
  [saved] /home/eserebri/repos/chronos2-layerwise-probing/results/quantile_loss_q1/training_curves/uber_tlc_hourly_reg.png
  [saved] /home/eserebri/repos/chronos2-layerwise-probing/results/quantile_loss_q1/training_curves/uber_tlc_hourly_fslot_K.png
  [saved] /home/eserebri/repos/chronos2-layerwise-probing/results/quantile_loss_q1/quantile_loss_results.json
  [saved] /home/eserebri/repos/chronos2-layerwise-probing/results/quantile_loss_q1/probe_results_table__q1.csv  (240 rows)
  [saved] /home/eserebri/repos/chronos2-layerwise-probing/results/quantile_loss_q1/mase_content_vs_native.png
  [saved] /home/eserebri/repos/chronos2-layerwise-probing/results/quantile_loss_q1/mase_reg_vs_native.png
  [saved] /home/eserebri/repos/chronos2-layerwise-probing/results/quantile_loss_q1/shared_forecast_mase.png
  [saved] /home/eserebri/repos/chronos2-layerwise-probing/results/quantile_loss_q1/mase_results.json

======================================================================
ID PROBING SUMMARY (no interpretation)
======================================================================
                   dataset         split   n_tr   n_te   binned argmax/max (content)   ridge R^2 range (content)
 monash_electricity_hourly within_series   3000   1500                      L6=0.414             [+0.239,+0.411]
       monash_kdd_cup_2018 within_series   1432    506                     L11=0.308             [-0.624,+0.050]
  monash_pedestrian_counts within_series   3000   1500                     L11=0.461             [+0.260,+0.527]
           uber_tlc_hourly within_series   3000   1500                     L11=0.395             [+0.123,+0.492]

  late-layer retention = binned_acc[L11] / binned_acc[peak]  (content pooling):
     monash_electricity_hourly:  peak L6=0.414  ->  L11 retains 0.939
           monash_kdd_cup_2018:  peak L11=0.308  ->  L11 retains 1.000
      monash_pedestrian_counts:  peak L11=0.461  ->  L11 retains 1.000
               uber_tlc_hourly:  peak L11=0.395  ->  L11 retains 1.000

  Chronos-2 quantile loss  (content pooling; LOWER=better, tunnel=argmin):
     monash_electricity_hourly:  best L2=0.325  |  L0=0.354  L11=0.343
           monash_kdd_cup_2018:  best L0=0.707  |  L0=0.707  L11=0.767
      monash_pedestrian_counts:  best L2=0.315  |  L0=0.355  L11=0.328
               uber_tlc_hourly:  best L4=0.559  |  L0=0.602  L11=0.612

  MASE, median forecast  (content pooling; m=24; LOWER=better):
     monash_electricity_hourly:  probe best L2=1.433  L11=1.542  |  native=0.851  (best/native=1.68)
           monash_kdd_cup_2018:  probe best L0=1.025  L11=1.120  |  native=0.828  (best/native=1.24)
      monash_pedestrian_counts:  probe best L2=1.329  L11=1.405  |  native=0.570  (best/native=2.33)
               uber_tlc_hourly:  probe best L4=1.030  L11=1.176  |  native=0.658  (best/native=1.56)

  binned chance = 0.20
