Using the latest cached version of the dataset since autogluon/chronos_datasets couldn't be found on the Hugging Face Hub (offline mode is enabled).
Found the latest cached dataset configuration 'monash_electricity_hourly' at /scratch/eserebri/chronos2/hf_cache/datasets/autogluon___chronos_datasets/monash_electricity_hourly/0.0.0/eeecad0b82a8c237e212ce6f8d1abecb513e2cec (last modified on Thu Jul  9 16:31:28 2026).
Using the latest cached version of the dataset since autogluon/chronos_datasets couldn't be found on the Hugging Face Hub (offline mode is enabled).
Found the latest cached dataset configuration 'monash_kdd_cup_2018' at /scratch/eserebri/chronos2/hf_cache/datasets/autogluon___chronos_datasets/monash_kdd_cup_2018/0.0.0/eeecad0b82a8c237e212ce6f8d1abecb513e2cec (last modified on Mon Jul 13 16:26:12 2026).
Using the latest cached version of the dataset since autogluon/chronos_datasets couldn't be found on the Hugging Face Hub (offline mode is enabled).
Found the latest cached dataset configuration 'monash_pedestrian_counts' at /scratch/eserebri/chronos2/hf_cache/datasets/autogluon___chronos_datasets/monash_pedestrian_counts/0.0.0/eeecad0b82a8c237e212ce6f8d1abecb513e2cec (last modified on Mon Jul 13 16:26:15 2026).
Using the latest cached version of the dataset since autogluon/chronos_datasets couldn't be found on the Hugging Face Hub (offline mode is enabled).
Found the latest cached dataset configuration 'uber_tlc_hourly' at /scratch/eserebri/chronos2/hf_cache/datasets/autogluon___chronos_datasets/uber_tlc_hourly/0.0.0/eeecad0b82a8c237e212ce6f8d1abecb513e2cec (last modified on Mon Jul 13 16:26:16 2026).

======================================================================
[monash_electricity_hourly] building windows
======================================================================
  split_mode=within_series  n_series=321 (support within=321)
  windows: train=3000 (of 95894), test=1500 (of 30066), skipped=514
  label y range: train[-2.075,+6.556] test[-2.300,+3.687]
  [cache HIT]  IDF_monash_electricity_hourly__train__clean__content.npz
  [cache HIT]  IDF_monash_electricity_hourly__test__clean__content.npz
    [quantile] L 0  wd=0.001  train=4.205  test=5.184
    [quantile] L 1  wd=0.1  train=3.835  test=4.997
    [quantile] L 2  wd=0.1  train=3.524  test=4.788
    [quantile] L 3  wd=0.1  train=3.474  test=4.858
    [quantile] L 4  wd=0.1  train=3.416  test=4.939
    [quantile] L 5  wd=0.1  train=3.425  test=5.033
    [quantile] L 6  wd=0.1  train=3.425  test=5.136
    [quantile] L 7  wd=0.1  train=3.462  test=5.273
    [quantile] L 8  wd=0.1  train=3.518  test=5.336
    [quantile] L 9  wd=0.1  train=3.417  test=5.205
    [quantile] L10  wd=0.1  train=3.384  test=5.122
    [quantile] L11  wd=0.1  train=3.723  test=5.054
  [content] binned acc: argmax L6=0.414 (chance=0.20) | ridge R^2 range [+0.239,+0.411] | qloss: argmin L2=4.788
  [cache HIT]  IDF_monash_electricity_hourly__train__clean__reg.npz
  [cache HIT]  IDF_monash_electricity_hourly__test__clean__reg.npz
    [quantile] L 0  wd=1e-05  train=4.218  test=4.927
    [quantile] L 1  wd=0.0001  train=3.970  test=4.720
    [quantile] L 2  wd=0.1  train=3.699  test=4.505
    [quantile] L 3  wd=0.1  train=3.475  test=4.377
    [quantile] L 4  wd=0.1  train=3.388  test=4.368
    [quantile] L 5  wd=0.1  train=3.350  test=4.422
    [quantile] L 6  wd=0.1  train=3.351  test=4.472
    [quantile] L 7  wd=0.1  train=3.331  test=4.574
    [quantile] L 8  wd=0.1  train=3.331  test=4.655
    [quantile] L 9  wd=0.1  train=3.341  test=4.736
    [quantile] L10  wd=0.1  train=3.383  test=4.761
    [quantile] L11  wd=0.1  train=3.661  test=4.753
  [    reg] binned acc: argmax L6=0.428 (chance=0.20) | ridge R^2 range [+0.331,+0.462] | qloss: argmin L4=4.368
  [cache HIT]  IDF_monash_electricity_hourly__train__clean__K4_H64.npz
  [cache HIT]  IDF_monash_electricity_hourly__test__clean__K4_H64.npz
    [quantile] L 0  wd=1e-05  train=4.222  test=5.205
    [quantile] L 1  wd=0.1  train=3.859  test=5.016
    [quantile] L 2  wd=0.1  train=3.581  test=4.862
    [quantile] L 3  wd=0.1  train=3.529  test=4.937
    [quantile] L 4  wd=0.1  train=3.527  test=5.080
    [quantile] L 5  wd=0.1  train=3.518  test=5.176
    [quantile] L 6  wd=0.1  train=3.530  test=5.300
    [quantile] L 7  wd=0.1  train=3.580  test=5.450
    [quantile] L 8  wd=0.1  train=3.636  test=5.512
    [quantile] L 9  wd=0.1  train=3.582  test=5.489
    [quantile] L10  wd=0.1  train=3.569  test=5.491
    [quantile] L11  wd=0.1  train=3.870  test=5.309
  [ content_K] K=4 qloss: argmin L2=4.862
    [quantile] L 0  wd=0.1  train=4.258  test=4.939
    [quantile] L 1  wd=0.1  train=3.999  test=4.722
    [quantile] L 2  wd=0.01  train=3.657  test=4.490
    [quantile] L 3  wd=0.1  train=3.482  test=4.383
    [quantile] L 4  wd=0.1  train=3.396  test=4.394
    [quantile] L 5  wd=0.1  train=3.332  test=4.395
    [quantile] L 6  wd=0.1  train=3.327  test=4.463
    [quantile] L 7  wd=0.1  train=3.280  test=4.548
    [quantile] L 8  wd=0.1  train=3.292  test=4.622
    [quantile] L 9  wd=0.1  train=3.319  test=4.750
    [quantile] L10  wd=0.1  train=3.364  test=4.802
    [quantile] L11  wd=0.1  train=3.676  test=4.827
  [     reg_K] K=4 qloss: argmin L3=4.383
    [fslot] L 0  wd=0.0001  train=6.963  test=7.227
    [fslot] L 1  wd=0.01  train=4.084  test=4.507
    [fslot] L 2  wd=0.0001  train=3.452  test=3.867
    [fslot] L 3  wd=0.1  train=3.344  test=3.756
    [fslot] L 4  wd=0.1  train=3.270  test=3.670
    [fslot] L 5  wd=0.1  train=3.228  test=3.655
    [fslot] L 6  wd=0.1  train=3.225  test=3.638
    [fslot] L 7  wd=0.0001  train=3.177  test=3.614
    [fslot] L 8  wd=0.001  train=3.231  test=3.622
    [fslot] L 9  wd=0.1  train=3.235  test=3.596
    [fslot] L10  wd=0.01  train=3.308  test=3.625
    [fslot] L11  wd=0.0001  train=3.313  test=3.571
  [   fslot_K] K=4 qloss: argmin L11=3.571
  [cache HIT]  IDF_monash_electricity_hourly__test__native_median_H64.npz
  [content] MASE: probe best L2=1.422 | native Chronos-2 = 0.851
  [    reg] MASE: probe best L3=1.297 | native Chronos-2 = 0.851
  [saved]      /home/eserebri/repos/chronos2-layerwise-probing/results/bootstrap/inputs/monash_electricity_hourly__H64_K4.npz  (1500 windows, 318 series)

======================================================================
[monash_kdd_cup_2018] building windows
======================================================================
  split_mode=within_series  n_series=270 (support within=270)
  windows: train=1432 (of 1432), test=506 (of 506), skipped=39351
  label y range: train[-1.717,+7.445] test[-1.238,+3.773]
  [cache HIT]  IDF_monash_kdd_cup_2018__train__clean__content.npz
  [cache HIT]  IDF_monash_kdd_cup_2018__test__clean__content.npz
    [quantile] L 0  wd=0.1  train=6.126  test=10.253
    [quantile] L 1  wd=0.1  train=5.464  test=11.355
    [quantile] L 2  wd=0.1  train=4.830  test=12.026
    [quantile] L 3  wd=0.1  train=4.708  test=12.286
    [quantile] L 4  wd=0.1  train=4.445  test=12.971
    [quantile] L 5  wd=0.1  train=4.230  test=13.385
    [quantile] L 6  wd=0.1  train=4.166  test=13.200
    [quantile] L 7  wd=0.1  train=4.253  test=12.360
    [quantile] L 8  wd=0.1  train=4.194  test=12.385
    [quantile] L 9  wd=0.1  train=4.009  test=13.165
    [quantile] L10  wd=0.1  train=3.892  test=13.291
    [quantile] L11  wd=0.1  train=4.332  test=12.005
  [content] binned acc: argmax L11=0.308 (chance=0.20) | ridge R^2 range [-0.624,+0.050] | qloss: argmin L0=10.253
  [cache HIT]  IDF_monash_kdd_cup_2018__train__clean__reg.npz
  [cache HIT]  IDF_monash_kdd_cup_2018__test__clean__reg.npz
    [quantile] L 0  wd=0.01  train=7.043  test=9.592
    [quantile] L 1  wd=1e-05  train=6.670  test=9.762
    [quantile] L 2  wd=0.1  train=6.321  test=9.852
    [quantile] L 3  wd=0.1  train=5.892  test=10.240
    [quantile] L 4  wd=0.1  train=5.573  test=10.410
    [quantile] L 5  wd=0.1  train=5.279  test=10.913
    [quantile] L 6  wd=0.1  train=5.068  test=11.107
    [quantile] L 7  wd=0.1  train=4.863  test=11.391
    [quantile] L 8  wd=0.1  train=4.635  test=11.780
    [quantile] L 9  wd=0.1  train=4.387  test=11.422
    [quantile] L10  wd=0.1  train=4.128  test=11.512
    [quantile] L11  wd=0.1  train=4.401  test=11.639
  [    reg] binned acc: argmax L9=0.304 (chance=0.20) | ridge R^2 range [-0.148,+0.126] | qloss: argmin L0=9.592
  [cache HIT]  IDF_monash_kdd_cup_2018__train__clean__K4_H64.npz
  [cache HIT]  IDF_monash_kdd_cup_2018__test__clean__K4_H64.npz
    [quantile] L 0  wd=0.1  train=6.151  test=10.316
    [quantile] L 1  wd=0.1  train=5.466  test=11.372
    [quantile] L 2  wd=0.1  train=4.872  test=12.062
    [quantile] L 3  wd=0.1  train=4.746  test=12.380
    [quantile] L 4  wd=0.1  train=4.484  test=13.037
    [quantile] L 5  wd=0.1  train=4.259  test=13.495
    [quantile] L 6  wd=0.1  train=4.177  test=13.295
    [quantile] L 7  wd=0.1  train=4.239  test=12.165
    [quantile] L 8  wd=0.1  train=4.132  test=12.329
    [quantile] L 9  wd=0.1  train=3.792  test=12.423
    [quantile] L10  wd=0.1  train=3.665  test=12.558
    [quantile] L11  wd=0.1  train=4.067  test=11.774
  [ content_K] K=4 qloss: argmin L0=10.316
    [quantile] L 0  wd=0.1  train=7.114  test=9.568
    [quantile] L 1  wd=0.1  train=6.749  test=9.676
    [quantile] L 2  wd=0.01  train=6.286  test=9.937
    [quantile] L 3  wd=0.1  train=5.918  test=10.267
    [quantile] L 4  wd=0.1  train=5.586  test=10.461
    [quantile] L 5  wd=0.1  train=5.276  test=11.033
    [quantile] L 6  wd=0.1  train=5.053  test=11.335
    [quantile] L 7  wd=0.1  train=4.795  test=11.482
    [quantile] L 8  wd=0.1  train=4.523  test=11.907
    [quantile] L 9  wd=0.1  train=4.160  test=11.191
    [quantile] L10  wd=0.1  train=3.783  test=11.228
    [quantile] L11  wd=0.1  train=4.063  test=10.939
  [     reg_K] K=4 qloss: argmin L0=9.568
    [fslot] L 0  wd=0.1  train=7.470  test=9.217
    [fslot] L 1  wd=0.1  train=7.026  test=9.070
    [fslot] L 2  wd=0.1  train=6.571  test=9.423
    [fslot] L 3  wd=0.1  train=6.203  test=9.799
    [fslot] L 4  wd=0.1  train=6.020  test=9.977
    [fslot] L 5  wd=0.1  train=5.646  test=10.420
    [fslot] L 6  wd=0.1  train=5.409  test=10.001
    [fslot] L 7  wd=0.1  train=5.185  test=9.852
    [fslot] L 8  wd=0.1  train=4.758  test=9.300
    [fslot] L 9  wd=0.1  train=4.336  test=8.933
    [fslot] L10  wd=0.1  train=4.114  test=8.808
    [fslot] L11  wd=0.1  train=4.207  test=8.714
  [   fslot_K] K=4 qloss: argmin L11=8.714
  [cache HIT]  IDF_monash_kdd_cup_2018__test__native_median_H64.npz
  [content] MASE: probe best L0=1.023 | native Chronos-2 = 0.828
  [    reg] MASE: probe best L0=0.962 | native Chronos-2 = 0.828
  [saved]      /home/eserebri/repos/chronos2-layerwise-probing/results/bootstrap/inputs/monash_kdd_cup_2018__H64_K4.npz  (506 windows, 75 series)

======================================================================
[monash_pedestrian_counts] building windows
======================================================================
  split_mode=within_series  n_series=66 (support within=65)
  windows: train=3000 (of 36144), test=1500 (of 11683), skipped=0
  label y range: train[-0.797,+6.939] test[-1.180,+2.421]
  [cache HIT]  IDF_monash_pedestrian_counts__train__clean__content.npz
  [cache HIT]  IDF_monash_pedestrian_counts__test__clean__content.npz
    [quantile] L 0  wd=0.01  train=4.417  test=5.150
    [quantile] L 1  wd=0.1  train=4.028  test=4.864
    [quantile] L 2  wd=0.01  train=3.661  test=4.686
    [quantile] L 3  wd=0.1  train=3.577  test=4.685
    [quantile] L 4  wd=0.1  train=3.472  test=4.662
    [quantile] L 5  wd=0.1  train=3.467  test=4.692
    [quantile] L 6  wd=0.1  train=3.440  test=4.784
    [quantile] L 7  wd=0.1  train=3.413  test=4.902
    [quantile] L 8  wd=0.1  train=3.462  test=4.969
    [quantile] L 9  wd=0.1  train=3.353  test=4.901
    [quantile] L10  wd=0.1  train=3.356  test=4.849
    [quantile] L11  wd=0.1  train=3.865  test=4.845
  [content] binned acc: argmax L11=0.461 (chance=0.20) | ridge R^2 range [+0.260,+0.527] | qloss: argmin L4=4.662
  [cache HIT]  IDF_monash_pedestrian_counts__train__clean__reg.npz
  [cache HIT]  IDF_monash_pedestrian_counts__test__clean__reg.npz
    [quantile] L 0  wd=0.001  train=4.421  test=4.980
    [quantile] L 1  wd=1e-05  train=4.139  test=4.785
    [quantile] L 2  wd=0.0001  train=3.776  test=4.464
    [quantile] L 3  wd=0.1  train=3.535  test=4.282
    [quantile] L 4  wd=0.0001  train=3.305  test=4.178
    [quantile] L 5  wd=0.1  train=3.284  test=4.180
    [quantile] L 6  wd=0.1  train=3.273  test=4.228
    [quantile] L 7  wd=0.1  train=3.258  test=4.290
    [quantile] L 8  wd=0.1  train=3.236  test=4.329
    [quantile] L 9  wd=0.1  train=3.248  test=4.374
    [quantile] L10  wd=0.1  train=3.316  test=4.463
    [quantile] L11  wd=0.01  train=3.659  test=4.547
  [    reg] binned acc: argmax L11=0.485 (chance=0.20) | ridge R^2 range [+0.247,+0.560] | qloss: argmin L4=4.178
  [cache HIT]  IDF_monash_pedestrian_counts__train__clean__K4_H64.npz
  [cache HIT]  IDF_monash_pedestrian_counts__test__clean__K4_H64.npz
    [quantile] L 0  wd=0.01  train=4.414  test=5.158
    [quantile] L 1  wd=1e-05  train=4.007  test=4.885
    [quantile] L 2  wd=0.1  train=3.738  test=4.714
    [quantile] L 3  wd=0.1  train=3.632  test=4.733
    [quantile] L 4  wd=0.1  train=3.564  test=4.773
    [quantile] L 5  wd=0.1  train=3.563  test=4.814
    [quantile] L 6  wd=0.1  train=3.547  test=4.924
    [quantile] L 7  wd=0.1  train=3.524  test=5.043
    [quantile] L 8  wd=0.1  train=3.561  test=5.132
    [quantile] L 9  wd=0.1  train=3.499  test=5.094
    [quantile] L10  wd=0.1  train=3.526  test=5.167
    [quantile] L11  wd=1e-05  train=3.995  test=5.130
  [ content_K] K=4 qloss: argmin L2=4.714
    [quantile] L 0  wd=0.001  train=4.437  test=4.992
    [quantile] L 1  wd=1e-05  train=4.153  test=4.782
    [quantile] L 2  wd=0.0001  train=3.769  test=4.449
    [quantile] L 3  wd=1e-05  train=3.564  test=4.343
    [quantile] L 4  wd=0.1  train=3.432  test=4.262
    [quantile] L 5  wd=0.1  train=3.291  test=4.189
    [quantile] L 6  wd=0.1  train=3.269  test=4.233
    [quantile] L 7  wd=0.1  train=3.219  test=4.260
    [quantile] L 8  wd=0.1  train=3.201  test=4.320
    [quantile] L 9  wd=0.1  train=3.244  test=4.396
    [quantile] L10  wd=0.1  train=3.307  test=4.471
    [quantile] L11  wd=0.001  train=3.710  test=4.605
  [     reg_K] K=4 qloss: argmin L5=4.189
    [fslot] L 0  wd=0.001  train=6.658  test=6.924
    [fslot] L 1  wd=0.001  train=4.420  test=4.726
    [fslot] L 2  wd=0.001  train=3.136  test=3.535
    [fslot] L 3  wd=0.1  train=2.942  test=3.366
    [fslot] L 4  wd=0.1  train=2.877  test=3.236
    [fslot] L 5  wd=0.01  train=2.789  test=3.187
    [fslot] L 6  wd=0.1  train=2.768  test=3.114
    [fslot] L 7  wd=0.0001  train=2.687  test=3.055
    [fslot] L 8  wd=0.001  train=2.723  test=3.027
    [fslot] L 9  wd=1e-05  train=2.772  test=3.064
    [fslot] L10  wd=0.001  train=2.801  test=3.025
    [fslot] L11  wd=1e-05  train=2.876  test=3.068
  [   fslot_K] K=4 qloss: argmin L10=3.025
  [cache HIT]  IDF_monash_pedestrian_counts__test__native_median_H64.npz
  [content] MASE: probe best L2=1.342 | native Chronos-2 = 0.570
  [    reg] MASE: probe best L4=1.197 | native Chronos-2 = 0.570
  [saved]      /home/eserebri/repos/chronos2-layerwise-probing/results/bootstrap/inputs/monash_pedestrian_counts__H64_K4.npz  (1500 windows, 59 series)

======================================================================
[uber_tlc_hourly] building windows
======================================================================
  split_mode=within_series  n_series=262 (support within=262)
  windows: train=3000 (of 10900), test=1500 (of 2075), skipped=125
  label y range: train[-0.578,+5.444] test[-0.551,+1.143]
  [cache HIT]  IDF_uber_tlc_hourly__train__clean__content.npz
  [cache HIT]  IDF_uber_tlc_hourly__test__clean__content.npz
    [quantile] L 0  wd=1e-05  train=7.346  test=8.634
    [quantile] L 1  wd=1e-05  train=6.921  test=8.473
    [quantile] L 2  wd=0.1  train=6.634  test=8.277
    [quantile] L 3  wd=0.1  train=6.454  test=8.239
    [quantile] L 4  wd=0.0001  train=6.233  test=8.244
    [quantile] L 5  wd=0.1  train=6.230  test=8.189
    [quantile] L 6  wd=0.1  train=6.235  test=8.418
    [quantile] L 7  wd=0.1  train=6.189  test=8.389
    [quantile] L 8  wd=0.1  train=6.285  test=8.403
    [quantile] L 9  wd=0.1  train=6.221  test=8.292
    [quantile] L10  wd=0.1  train=6.233  test=8.525
    [quantile] L11  wd=0.001  train=6.918  test=8.973
  [content] binned acc: argmax L11=0.395 (chance=0.20) | ridge R^2 range [+0.123,+0.492] | qloss: argmin L5=8.189
  [cache HIT]  IDF_uber_tlc_hourly__train__clean__reg.npz
  [cache HIT]  IDF_uber_tlc_hourly__test__clean__reg.npz
    [quantile] L 0  wd=0.001  train=8.037  test=8.785
    [quantile] L 1  wd=1e-05  train=7.732  test=8.553
    [quantile] L 2  wd=0.0001  train=7.232  test=8.187
    [quantile] L 3  wd=0.001  train=6.943  test=8.032
    [quantile] L 4  wd=0.0001  train=6.696  test=7.940
    [quantile] L 5  wd=0.0001  train=6.544  test=7.982
    [quantile] L 6  wd=0.1  train=6.438  test=7.898
    [quantile] L 7  wd=0.001  train=6.309  test=8.008
    [quantile] L 8  wd=0.1  train=6.293  test=8.053
    [quantile] L 9  wd=0.1  train=6.280  test=7.999
    [quantile] L10  wd=0.0001  train=6.349  test=8.165
    [quantile] L11  wd=0.01  train=6.897  test=8.433
  [    reg] binned acc: argmax L11=0.440 (chance=0.20) | ridge R^2 range [+0.045,+0.563] | qloss: argmin L6=7.898
  [cache HIT]  IDF_uber_tlc_hourly__train__clean__K4_H64.npz
  [cache HIT]  IDF_uber_tlc_hourly__test__clean__K4_H64.npz
    [quantile] L 0  wd=0.01  train=7.358  test=8.647
    [quantile] L 1  wd=0.1  train=6.974  test=8.435
    [quantile] L 2  wd=0.1  train=6.629  test=8.287
    [quantile] L 3  wd=0.1  train=6.479  test=8.206
    [quantile] L 4  wd=0.1  train=6.326  test=8.182
    [quantile] L 5  wd=0.1  train=6.238  test=8.136
    [quantile] L 6  wd=0.1  train=6.250  test=8.376
    [quantile] L 7  wd=0.1  train=6.219  test=8.408
    [quantile] L 8  wd=0.0001  train=6.255  test=8.529
    [quantile] L 9  wd=0.1  train=6.332  test=8.492
    [quantile] L10  wd=0.1  train=6.301  test=8.749
    [quantile] L11  wd=1e-05  train=6.920  test=9.152
  [ content_K] K=4 qloss: argmin L5=8.136
    [quantile] L 0  wd=0.01  train=8.032  test=8.732
    [quantile] L 1  wd=0.001  train=7.722  test=8.523
    [quantile] L 2  wd=0.001  train=7.255  test=8.191
    [quantile] L 3  wd=0.0001  train=6.971  test=8.051
    [quantile] L 4  wd=0.001  train=6.742  test=8.019
    [quantile] L 5  wd=0.001  train=6.539  test=7.939
    [quantile] L 6  wd=0.1  train=6.487  test=7.945
    [quantile] L 7  wd=0.1  train=6.403  test=8.012
    [quantile] L 8  wd=0.1  train=6.311  test=8.050
    [quantile] L 9  wd=0.01  train=6.272  test=8.086
    [quantile] L10  wd=0.1  train=6.388  test=8.122
    [quantile] L11  wd=0.0001  train=6.859  test=8.406
  [     reg_K] K=4 qloss: argmin L5=7.939
    [fslot] L 0  wd=0.01  train=8.010  test=8.388
    [fslot] L 1  wd=0.001  train=7.147  test=7.851
    [fslot] L 2  wd=0.1  train=6.238  test=6.797
    [fslot] L 3  wd=0.1  train=5.995  test=6.627
    [fslot] L 4  wd=0.01  train=5.807  test=6.428
    [fslot] L 5  wd=0.0001  train=5.743  test=6.424
    [fslot] L 6  wd=0.1  train=5.730  test=6.342
    [fslot] L 7  wd=0.1  train=5.681  test=6.340
    [fslot] L 8  wd=0.001  train=5.614  test=6.259
    [fslot] L 9  wd=1e-05  train=5.707  test=6.276
    [fslot] L10  wd=0.0001  train=5.873  test=6.344
    [fslot] L11  wd=0.01  train=5.988  test=6.307
  [   fslot_K] K=4 qloss: argmin L8=6.259
  [cache HIT]  IDF_uber_tlc_hourly__test__native_median_H64.npz
  [content] MASE: probe best L5=1.021 | native Chronos-2 = 0.658
  [    reg] MASE: probe best L9=1.038 | native Chronos-2 = 0.658
  [saved]      /home/eserebri/repos/chronos2-layerwise-probing/results/bootstrap/inputs/uber_tlc_hourly__H64_K4.npz  (1500 windows, 260 series)

  est. new IDF_ cache footprint: ~1.71 GB (3 poolings x 12 layers x n_windows x 768 x 4B)
  [saved] /home/eserebri/repos/chronos2-layerwise-probing/results/id_probing_summary.json

  [saved] /home/eserebri/repos/chronos2-layerwise-probing/results/id_vs_classification_overlay.png
  [saved] /home/eserebri/repos/chronos2-layerwise-probing/results/id_vs_classification_overlay_tsonly.png
  [saved] /home/eserebri/repos/chronos2-layerwise-probing/results/id_vs_classification_dropoff.png
  [saved] /home/eserebri/repos/chronos2-layerwise-probing/results/quantile_loss/content/quantile_loss_by_layer.png
  [saved] /home/eserebri/repos/chronos2-layerwise-probing/results/quantile_loss/reg/quantile_loss_by_layer_reg.png
  [saved] /home/eserebri/repos/chronos2-layerwise-probing/results/quantile_loss/pooling_comparison/content_vs_reg.png
  [saved] /home/eserebri/repos/chronos2-layerwise-probing/results/quantile_loss/shared_forecast_vs_pooled.png
  [saved] /home/eserebri/repos/chronos2-layerwise-probing/results/quantile_loss/training_curves/monash_electricity_hourly_content.png
  [saved] /home/eserebri/repos/chronos2-layerwise-probing/results/quantile_loss/training_curves/monash_electricity_hourly_reg.png
  [saved] /home/eserebri/repos/chronos2-layerwise-probing/results/quantile_loss/training_curves/monash_electricity_hourly_fslot_K.png
  [saved] /home/eserebri/repos/chronos2-layerwise-probing/results/quantile_loss/training_curves/monash_kdd_cup_2018_content.png
  [saved] /home/eserebri/repos/chronos2-layerwise-probing/results/quantile_loss/training_curves/monash_kdd_cup_2018_reg.png
  [saved] /home/eserebri/repos/chronos2-layerwise-probing/results/quantile_loss/training_curves/monash_kdd_cup_2018_fslot_K.png
  [saved] /home/eserebri/repos/chronos2-layerwise-probing/results/quantile_loss/training_curves/monash_pedestrian_counts_content.png
  [saved] /home/eserebri/repos/chronos2-layerwise-probing/results/quantile_loss/training_curves/monash_pedestrian_counts_reg.png
  [saved] /home/eserebri/repos/chronos2-layerwise-probing/results/quantile_loss/training_curves/monash_pedestrian_counts_fslot_K.png
  [saved] /home/eserebri/repos/chronos2-layerwise-probing/results/quantile_loss/training_curves/uber_tlc_hourly_content.png
  [saved] /home/eserebri/repos/chronos2-layerwise-probing/results/quantile_loss/training_curves/uber_tlc_hourly_reg.png
  [saved] /home/eserebri/repos/chronos2-layerwise-probing/results/quantile_loss/training_curves/uber_tlc_hourly_fslot_K.png
  [saved] /home/eserebri/repos/chronos2-layerwise-probing/results/quantile_loss/quantile_loss_results.json
  [saved] /home/eserebri/repos/chronos2-layerwise-probing/results/quantile_loss/mase_content_vs_native.png
  [saved] /home/eserebri/repos/chronos2-layerwise-probing/results/quantile_loss/mase_reg_vs_native.png
  [saved] /home/eserebri/repos/chronos2-layerwise-probing/results/quantile_loss/shared_forecast_mase.png
  [saved] /home/eserebri/repos/chronos2-layerwise-probing/results/quantile_loss/mase_results.json

======================================================================
ID PROBING SUMMARY (no interpretation)
======================================================================
                   dataset         split   n_tr   n_te   binned argmax/max (content)   ridge R^2 range (content)
 monash_electricity_hourly within_series   3000   1500                      L6=0.414             [+0.239,+0.411]
       monash_kdd_cup_2018 within_series   1432    506                     L11=0.308             [-0.624,+0.050]
  monash_pedestrian_counts within_series   3000   1500                     L11=0.461             [+0.260,+0.527]
           uber_tlc_hourly within_series   3000   1500                     L11=0.395             [+0.123,+0.492]

  late-layer retention = binned_acc[L11] / binned_acc[peak]  (content pooling):
     monash_electricity_hourly:  peak L6=0.414  ->  L11 retains 0.939
           monash_kdd_cup_2018:  peak L11=0.308  ->  L11 retains 1.000
      monash_pedestrian_counts:  peak L11=0.461  ->  L11 retains 1.000
               uber_tlc_hourly:  peak L11=0.395  ->  L11 retains 1.000

  Chronos-2 quantile loss  (content pooling; LOWER=better, tunnel=argmin):
     monash_electricity_hourly:  best L2=4.788  |  L0=5.184  L11=5.054
           monash_kdd_cup_2018:  best L0=10.253  |  L0=10.253  L11=12.005
      monash_pedestrian_counts:  best L4=4.662  |  L0=5.150  L11=4.845
               uber_tlc_hourly:  best L5=8.189  |  L0=8.634  L11=8.973

  MASE, median forecast  (content pooling; m=24; LOWER=better):
     monash_electricity_hourly:  probe best L2=1.422  L11=1.546  |  native=0.851  (best/native=1.67)
           monash_kdd_cup_2018:  probe best L0=1.023  L11=1.122  |  native=0.828  (best/native=1.24)
      monash_pedestrian_counts:  probe best L2=1.342  L11=1.413  |  native=0.570  (best/native=2.35)
               uber_tlc_hourly:  probe best L5=1.021  L11=1.186  |  native=0.658  (best/native=1.55)

  binned chance = 0.20
